Microchip MPLAB XC8 Compiler V2.40

Linker command line:

-W-3 \
  --edf=C:\Program Files\Microchip\xc8\v2.40\pic\dat\20220703182018_en.msgs \
  -cn -h+dist/default/production\I2C.X.production.sym \
  --cmf=dist/default/production\I2C.X.production.cmf -z -Q16F887 \
  -oC:\Users\USUARI~1\AppData\Local\Temp\xcAs80o.4 --defsym=__MPLAB_BUILD=1 \
  --fixupoverflow=error -Mdist/default/production/I2C.X.production.map \
  --md=C:\Users\USUARI~1\AppData\Local\Temp\xcAs80o.dat -E1 \
  -ver=XC8 Compiler --acfsm=1493 -ACODE=00h-07FFhx4 -ASTRCODE=00h-01FFFh \
  -ASTRING=00h-0FFhx32 -ACONST=00h-0FFhx32 -AENTRY=00h-0FFhx32 \
  -ACOMMON=070h-07Fh -ABANK0=020h-06Fh -ABANK1=0A0h-0EFh \
  -ABANK2=0110h-016Fh -ABANK3=0190h-01EFh \
  -ARAM=020h-06Fh,0A0h-0EFh,0110h-016Fh,0190h-01EFh \
  -AABS1=020h-07Fh,0A0h-0EFh,0110h-016Fh,0190h-01EFh -ASFR0=00h-01Fh \
  -ASFR1=080h-09Fh -ASFR2=0100h-010Fh -ASFR3=0180h-018Fh \
  -ACONFIG=02007h-02008h -DCONFIG=2 -AIDLOC=02000h-02003h -DIDLOC=2 \
  -AEEDATA=00h-0FFh/02100h -peeprom_data=EEDATA -DEEDATA=2 -DCODE=2 \
  -DSTRCODE=2 -DSTRING=2 -DCONST=2 -DENTRY=2 \
  -preset_vec=00h,intentry=04h,init,end_init -ppowerup=CODE -pcinit=CODE \
  -pfunctab=ENTRY -k C:\Users\USUARI~1\AppData\Local\Temp\xcAs80o.o \
  dist/default/production\I2C.X.production.o 

Object code version is 3.11

Machine type is 16F887



                Name                               Link     Load   Length Selector   Space Scale
C:\Users\USUARI~1\AppData\Local\Temp\xcAs80o.o
                end_init                              C        C        3        8       0
                reset_vec                             0        0        3        0       0
                config                             2007     2007        2        0       4
                idloc                              2000     2000        4        0       5
dist/default/production\I2C.X.production.o
                cinit                                 F        F        D        8       0
                intentry                              4        4        8        8       0
                config                             2007     2007        2        0       4
                idloc                              2000     2000        4        0       5
                text26                              F70      F70        7     1EE0       0
                text25                              F9C      F9C        D     1F38       0
                text24                              763      763       2E      EC6       0
                text23                              F77      F77        9     1EEE       0
                text22                              F80      F80        9     1F00       0
                text21                              F89      F89        9     1F12       0
                text20                              F92      F92        A     1F24       0
                text19                              FA9      FA9       15     1F52       0
                text18                              FBE      FBE       16     1F7C       0
                text17                              F64      F64        6     1EC8       0
                text16                              7DE      7DE       1A      EC6       0
                text15                              7BE      7BE       20      EC6       0
                text14                              FD4      FD4       16     1FA8       0
                text13                              67D      67D       42        8       0
                text12                              639      639       44        8       0
                text11                              6BF      6BF       3C        8       0
                text10                              3E6      3E6       DC        8       0
                text9                               59B      59B       53        8       0
                text8                               533      533       68        8       0
                text7                               6FB      6FB       38        8       0
                text6                               5EE      5EE       4B        8       0
                text5                               F61      F61        3     1EC2       0
                text4                               4C2      4C2       71        8       0
                text3                               FEA      FEA       16     1FD4       0
                text2                               F6A      F6A        6     1ED4       0
                text1                               791      791       2D      EC6       0
                maintext                             1C       1C      3CA        8       0
                cstackBANK0                          20       20       29       20       1
                cstackCOMMON                         70       70        C       70       1
                clrtext                             7F8      7F8        8      EC6       0
                bssBANK0                             49       49       1E       20       1
                strings                             733      733       30      E66       0

TOTAL           Name                               Link     Load   Length     Space
        CLASS   CODE           
                end_init                              C        C        3         0
                cinit                                 F        F        D         0
                intentry                              4        4        8         0
                reset_vec                             0        0        3         0
                text26                              F70      F70        7         0
                text25                              F9C      F9C        D         0
                text24                              763      763       2E         0
                text23                              F77      F77        9         0
                text22                              F80      F80        9         0
                text21                              F89      F89        9         0
                text20                              F92      F92        A         0
                text19                              FA9      FA9       15         0
                text18                              FBE      FBE       16         0
                text17                              F64      F64        6         0
                text16                              7DE      7DE       1A         0
                text15                              7BE      7BE       20         0
                text14                              FD4      FD4       16         0
                text13                              67D      67D       42         0
                text12                              639      639       44         0
                text11                              6BF      6BF       3C         0
                text10                              3E6      3E6       DC         0
                text9                               59B      59B       53         0
                text8                               533      533       68         0
                text7                               6FB      6FB       38         0
                text6                               5EE      5EE       4B         0
                text5                               F61      F61        3         0
                text4                               4C2      4C2       71         0
                text3                               FEA      FEA       16         0
                text2                               F6A      F6A        6         0
                text1                               791      791       2D         0
                maintext                             1C       1C      3CA         0
                clrtext                             7F8      7F8        8         0

        CLASS   STRCODE        

        CLASS   STRING         
                strings                             733      733       30         0

        CLASS   CONST          

        CLASS   ENTRY          

        CLASS   COMMON         
                cstackCOMMON                         70       70        C         1

        CLASS   BANK0          
                cstackBANK0                          20       20       29         1
                bssBANK0                             49       49       1E         1

        CLASS   BANK1          

        CLASS   BANK2          

        CLASS   BANK3          

        CLASS   RAM            

        CLASS   ABS1           
                abs_s1                               7E       7E        2         1

        CLASS   SFR0           

        CLASS   SFR1           

        CLASS   SFR2           

        CLASS   SFR3           

        CLASS   CONFIG         
                config                             2007     2007        2         4

        CLASS   IDLOC          
                idloc                              2000     2000        4         5

        CLASS   EEDATA         

        CLASS   STACK          



SEGMENTS        Name                           Load    Length   Top    Selector   Space  Class     Delta

                reset_vec                      000000  000003  000003         0       0  CODE        2
                intentry                       000004  00072F  000733         8       0  CODE        2
                cstackBANK0                    000020  000047  000067        20       1  BANK0       1
                cstackCOMMON                   000070  00000C  00007C        70       1  COMMON      1
                strings                        000733  000030  000763       E66       0  STRING      2
                text24                         000763  00009D  000800       EC6       0  CODE        2
                text5                          000F61  000003  000F64      1EC2       0  CODE        2
                text17                         000F64  000006  000F6A      1EC8       0  CODE        2
                text2                          000F6A  000006  000F70      1ED4       0  CODE        2
                text26                         000F70  000007  000F77      1EE0       0  CODE        2
                text23                         000F77  000009  000F80      1EEE       0  CODE        2
                text22                         000F80  000009  000F89      1F00       0  CODE        2
                text21                         000F89  000009  000F92      1F12       0  CODE        2
                text20                         000F92  00000A  000F9C      1F24       0  CODE        2
                text25                         000F9C  00000D  000FA9      1F38       0  CODE        2
                text19                         000FA9  000015  000FBE      1F52       0  CODE        2
                text18                         000FBE  000016  000FD4      1F7C       0  CODE        2
                text14                         000FD4  000016  000FEA      1FA8       0  CODE        2
                text3                          000FEA  000016  001000      1FD4       0  CODE        2


UNUSED ADDRESS RANGES

        Name                Unused          Largest block    Delta
        BANK0            0067-006F              9           1
        BANK1            00A0-00EF             50           1
        BANK2            0110-016F             60           1
        BANK3            0190-01EF             60           1
        CODE             0003-0003              1           2
                         0800-0F60            761
                         1000-1FFF            800
        COMMON           007C-007D              2           1
        CONST            0003-0003              1           2
                         0800-0F60            100
                         1000-1FFF            100
        EEDATA           2100-21FF            100           2
        ENTRY            0003-0003              1           2
                         0800-0F60            100
                         1000-1FFF            100
        RAM              0067-006F              9           1
                         00A0-00EF             50
                         0110-016F             60
                         0190-01EF             60
        SFR0             0000-001F             20           1
        SFR1             0080-009F             20           1
        SFR2             0100-010F             10           1
        SFR3             0180-018F             10           1
        STRCODE          0003-0003              1           2
                         0800-0F60            761
                         1000-1FFF           1000
        STRING           0003-0003              1           2
                         0800-0F60            100
                         1000-1FFF            100

                                  Symbol Table

?_I2C_Master_Read                 cstackCOMMON 0072
?___lldiv                         cstackCOMMON 0072
?___lwdiv                         cstackCOMMON 0072
?___lwmod                         cstackBANK0  0020
?_sprintf                         cstackBANK0  0024
I2C_Master_Init@c                 cstackBANK0  0025
I2C_Master_Read@a                 cstackCOMMON 0072
I2C_Master_Read@temp              cstackCOMMON 0076
I2C_Master_Write@d                cstackCOMMON 0072
Lcd_Cmd@a                         cstackCOMMON 0075
Lcd_Port@a                        cstackCOMMON 0072
Lcd_Set_Cursor@a                  cstackCOMMON 0077
Lcd_Set_Cursor@b                  cstackCOMMON 0076
Lcd_Set_Cursor@direccion          cstackCOMMON 0078
Lcd_Write_Char@a                  cstackCOMMON 0074
Lcd_Write_String@a                cstackCOMMON 0075
Lcd_Write_String@i                cstackCOMMON 007A
_ANSEL                            (abs)        0188
_ANSELH                           (abs)        0189
_GIE                              (abs)        005F
_I2C_Master_Init                  text7        06FB
_I2C_Master_Read                  text24       0763
_I2C_Master_RepeatedStart         text23       0F77
_I2C_Master_Start                 text22       0F80
_I2C_Master_Stop                  text21       0F89
_I2C_Master_Wait                  text25       0F9C
_I2C_Master_Write                 text20       0F92
_INTCONbits                       (abs)        000B
_IOCBbits                         (abs)        0096
_Lcd_Cmd                          text16       07DE
_Lcd_Init                         text6        05EE
_Lcd_Port                         text17       0F64
_Lcd_Set_Cursor                   text15       07BE
_Lcd_Write_Char                   text14       0FD4
_Lcd_Write_String                 text13       067D
_OPTION_REGbits                   (abs)        0081
_OSCCONbits                       (abs)        008F
_PEIE                             (abs)        005E
_PORTA                            (abs)        0005
_PORTB                            (abs)        0006
_PORTC                            (abs)        0007
_PORTD                            (abs)        0008
_PORTE                            (abs)        0009
_RB0                              (abs)        0030
_RB1                              (abs)        0031
_RB2                              (abs)        0032
_RB3                              (abs)        0033
_RE0                              (abs)        0048
_RE1                              (abs)        0049
_Resadc                           bssBANK0     0063
_SSPADD                           (abs)        0093
_SSPBUF                           (abs)        0013
_SSPCON                           (abs)        0014
_SSPCON2                          (abs)        0091
_SSPCON2bits                      (abs)        0091
_SSPIE                            (abs)        0463
_SSPIF                            (abs)        0063
_SSPSTAT                          (abs)        0094
_TRISA                            (abs)        0085
_TRISB                            (abs)        0086
_TRISC                            (abs)        0087
_TRISC3                           (abs)        043B
_TRISC4                           (abs)        043C
_TRISCbits                        (abs)        0087
_TRISD                            (abs)        0088
_TRISE                            (abs)        0089
_WPUBbits                         (abs)        0095
__Habs1                           abs1         0000
__Hbank0                          bank0        0000
__Hbank1                          bank1        0000
__Hbank2                          bank2        0000
__Hbank3                          bank3        0000
__HbssBANK0                       bssBANK0     0000
__Hcinit                          cinit        001C
__Hclrtext                        clrtext      0000
__Hcode                           code         0000
__Hcommon                         common       0000
__Hconfig                         config       2009
__HcstackBANK0                    cstackBANK0  0000
__HcstackCOMMON                   cstackCOMMON 0000
__Heeprom_data                    eeprom_data  0000
__Hend_init                       end_init     000F
__Hfunctab                        functab      0000
__Hidloc                          idloc        2004
__Hinit                           init         000C
__Hintentry                       intentry     000C
__Hmaintext                       maintext     0000
__Hpowerup                        powerup      0000
__Hram                            ram          0000
__Hreset_vec                      reset_vec    0003
__Hsfr0                           sfr0         0000
__Hsfr1                           sfr1         0000
__Hsfr2                           sfr2         0000
__Hsfr3                           sfr3         0000
__Hspace_0                        (abs)        1000
__Hspace_1                        (abs)        007C
__Hspace_2                        (abs)        0000
__Hspace_3                        (abs)        0000
__Hspace_4                        (abs)        4010
__Hstack                          stack        0000
__Hstrings                        strings      0000
__Htext                           text         0000
__Labs1                           abs1         0000
__Lbank0                          bank0        0000
__Lbank1                          bank1        0000
__Lbank2                          bank2        0000
__Lbank3                          bank3        0000
__LbssBANK0                       bssBANK0     0000
__Lcinit                          cinit        000F
__Lclrtext                        clrtext      0000
__Lcode                           code         0000
__Lcommon                         common       0000
__Lconfig                         config       0000
__LcstackBANK0                    cstackBANK0  0000
__LcstackCOMMON                   cstackCOMMON 0000
__Leeprom_data                    eeprom_data  0000
__Lend_init                       end_init     000C
__Lfunctab                        functab      0000
__Lidloc                          idloc        0000
__Linit                           init         000C
__Lintentry                       intentry     0004
__Lmaintext                       maintext     0000
__Lpowerup                        powerup      0000
__Lram                            ram          0000
__Lreset_vec                      reset_vec    0000
__Lsfr0                           sfr0         0000
__Lsfr1                           sfr1         0000
__Lsfr2                           sfr2         0000
__Lsfr3                           sfr3         0000
__Lspace_0                        (abs)        0000
__Lspace_1                        (abs)        0000
__Lspace_2                        (abs)        0000
__Lspace_3                        (abs)        0000
__Lspace_4                        (abs)        0000
__Lstack                          stack        0000
__Lstrings                        strings      0000
__Ltext                           text         0000
__S0                              (abs)        1000
__S1                              (abs)        007C
__S3                              (abs)        0000
___bmul                           text19       0FA9
___bmul@multiplicand              cstackCOMMON 0072
___bmul@multiplier                cstackCOMMON 0075
___bmul@product                   cstackCOMMON 0074
___int_sp                         stack        0000
___latbits                        (abs)        0002
___lldiv                          text8        0533
___lldiv@counter                  cstackBANK0  0024
___lldiv@dividend                 cstackCOMMON 0076
___lldiv@divisor                  cstackCOMMON 0072
___lldiv@quotient                 cstackBANK0  0020
___lwdiv                          text12       0639
___lwdiv@counter                  cstackCOMMON 0079
___lwdiv@dividend                 cstackCOMMON 0074
___lwdiv@divisor                  cstackCOMMON 0072
___lwdiv@quotient                 cstackCOMMON 0077
___lwmod                          text11       06BF
___lwmod@counter                  cstackCOMMON 007B
___lwmod@dividend                 cstackBANK0  0022
___lwmod@divisor                  cstackBANK0  0020
___sp                             stack        0000
___stackhi                        (abs)        0000
___stacklo                        (abs)        0000
__end_of_I2C_Master_Init          text7        0733
__end_of_I2C_Master_Read          text24       0791
__end_of_I2C_Master_RepeatedStart text23       0F80
__end_of_I2C_Master_Start         text22       0F89
__end_of_I2C_Master_Stop          text21       0F92
__end_of_I2C_Master_Wait          text25       0FA9
__end_of_I2C_Master_Write         text20       0F9C
__end_of_Lcd_Cmd                  text16       07F8
__end_of_Lcd_Init                 text6        0639
__end_of_Lcd_Port                 text17       0F6A
__end_of_Lcd_Set_Cursor           text15       07DE
__end_of_Lcd_Write_Char           text14       0FEA
__end_of_Lcd_Write_String         text13       06BF
__end_of___bmul                   text19       0FBE
__end_of___lldiv                  text8        059B
__end_of___lwdiv                  text12       067D
__end_of___lwmod                  text11       06FB
__end_of__initialization          cinit        0018
__end_of__stringtab               strings      0743
__end_of_bcd_to_decimal           text18       0FD4
__end_of_configIntbits            text5        0F64
__end_of_configOsc                text4        0533
__end_of_configPort               text3        1000
__end_of_dpowers                  strings      074D
__end_of_isr                      text26       0F77
__end_of_main                     maintext     03E6
__end_of_pantalla                 text9        05EE
__end_of_pullup                   text2        0F70
__end_of_setup                    text1        07BE
__end_of_sprintf                  text10       04C2
__initialization                  cinit        000F
__pbssBANK0                       bssBANK0     0049
__pcstackBANK0                    cstackBANK0  0020
__pcstackCOMMON                   cstackCOMMON 0070
__pintentry                       intentry     0004
__pmaintext                       maintext     001C
__pstrings                        strings      0733
__ptext1                          text1        0791
__ptext10                         text10       03E6
__ptext11                         text11       06BF
__ptext12                         text12       0639
__ptext13                         text13       067D
__ptext14                         text14       0FD4
__ptext15                         text15       07BE
__ptext16                         text16       07DE
__ptext17                         text17       0F64
__ptext18                         text18       0FBE
__ptext19                         text19       0FA9
__ptext2                          text2        0F6A
__ptext20                         text20       0F92
__ptext21                         text21       0F89
__ptext22                         text22       0F80
__ptext23                         text23       0F77
__ptext24                         text24       0763
__ptext25                         text25       0F9C
__ptext26                         text26       0F70
__ptext3                          text3        0FEA
__ptext4                          text4        04C2
__ptext5                          text5        0F61
__ptext6                          text6        05EE
__ptext7                          text7        06FB
__ptext8                          text8        0533
__ptext9                          text9        059B
__stringbase                      strings      0742
__stringtab                       strings      0733
_bcd_to_decimal                   text18       0FBE
_configIntbits                    text5        0F61
_configOsc                        text4        04C2
_configPort                       text3        0FEA
_day                              bssBANK0     004D
_dpowers                          strings      0743
_fecha                            bssBANK0     0051
_hora                             bssBANK0     005A
_hour                             bssBANK0     004E
_isr                              text26       0F70
_main                             maintext     001C
_min                              bssBANK0     004F
_month                            bssBANK0     004C
_pantalla                         text9        059B
_pullup                           text2        0F6A
_sec                              bssBANK0     0050
_setup                            text1        0791
_sprintf                          text10       03E6
_temp1                            bssBANK0     0049
_year                             bssBANK0     004B
bcd_to_decimal@bcd                cstackCOMMON 0078
btemp                             (abs)        007E
clear_ram0                        clrtext      07F8
configOsc@freq                    cstackCOMMON 0072
end_of_initialization             cinit        0018
interrupt_function                intentry     0004
intlevel0                         functab      0000
intlevel1                         functab      0000
intlevel2                         functab      0000
intlevel3                         functab      0000
intlevel4                         functab      0000
intlevel5                         functab      0000
main@an_decimal                   cstackBANK0  003E
main@d                            cstackBANK0  0048
main@days_decimal                 cstackBANK0  0042
main@dia_decimal                  cstackBANK0  003C
main@hora_decimal                 cstackBANK0  003B
main@hours_decimal                cstackBANK0  0041
main@hr                           cstackBANK0  0047
main@mes_decimal                  cstackBANK0  003D
main@minutes_decimal              cstackBANK0  0040
main@months_decimal               cstackBANK0  0043
main@mt                           cstackBANK0  0046
main@seconds_decimal              cstackBANK0  003F
main@years_decimal                cstackBANK0  0044
main@yr                           cstackBANK0  0045
reset_vec                         reset_vec    0000
saved_w                           (abs)        007E
sprintf@ap                        cstackBANK0  002E
sprintf@c                         cstackBANK0  0034
sprintf@f                         cstackBANK0  0024
sprintf@flag                      cstackBANK0  002F
sprintf@prec                      cstackBANK0  0030
sprintf@sp                        cstackBANK0  0033
sprintf@val                       cstackBANK0  0031
start                             init         000C
start_initialization              cinit        000F
wtemp0                            (abs)        007E


MODULE INFORMATION

Module		Function		Class		Link	Load	Size
masterI2C.c
		_pantalla      		CODE           	059B	0000	83
		_main          		CODE           	001C	0000	970
		_bcd_to_decimal		CODE           	0FBE	0000	22
		_isr           		CODE           	0F70	0000	7
		_setup         		CODE           	0791	0000	45

masterI2C.c estimated size: 1127

C:\Program Files\Microchip\xc8\v2.40\pic\sources\c90\common\Umul8.c
		___bmul        		CODE           	0FA9	0000	21

C:\Program Files\Microchip\xc8\v2.40\pic\sources\c90\common\Umul8.c estimated size: 21

I2C.c
		_I2C_Master_Read		CODE           	0763	0000	46
		_I2C_Master_Wait		CODE           	0F9C	0000	13
		_I2C_Master_Init		CODE           	06FB	0000	56
		_I2C_Master_Stop		CODE           	0F89	0000	9
		_I2C_Master_RepeatedStart		CODE           	0F77	0000	9
		_I2C_Master_Write		CODE           	0F92	0000	10
		_I2C_Master_Start		CODE           	0F80	0000	9

I2C.c estimated size: 152

C:\Program Files\Microchip\xc8\v2.40\pic\sources\c90\common\__lldiv.c
		___lldiv       		CODE           	0533	0000	104

C:\Program Files\Microchip\xc8\v2.40\pic\sources\c90\common\__lldiv.c estimated size: 104

C:\Program Files\Microchip\xc8\v2.40\pic\sources\c90\common\doprnt.c
		_sprintf       		CODE           	03E6	0000	220

C:\Program Files\Microchip\xc8\v2.40\pic\sources\c90\common\doprnt.c estimated size: 220

config.c
		_pullup        		CODE           	0F6A	0000	6
		_configPort    		CODE           	0FEA	0000	22
		_configOsc     		CODE           	04C2	0000	113
		_configIntbits 		CODE           	0F61	0000	3

config.c estimated size: 144

C:\Program Files\Microchip\xc8\v2.40\pic\sources\c90\common\lwmod.c
		___lwmod       		CODE           	06BF	0000	60

C:\Program Files\Microchip\xc8\v2.40\pic\sources\c90\common\lwmod.c estimated size: 60

shared
		__stringtab    		STRING         	0733	0000	16
		_dpowers       		STRING         	0743	0000	10
		__initialization		CODE           	000F	0000	9

shared estimated size: 35

C:\Program Files\Microchip\xc8\v2.40\pic\sources\c90\common\lwdiv.c
		___lwdiv       		CODE           	0639	0000	68

C:\Program Files\Microchip\xc8\v2.40\pic\sources\c90\common\lwdiv.c estimated size: 68

LCD.c
		_Lcd_Write_String		CODE           	067D	0000	66
		_Lcd_Init      		CODE           	05EE	0000	75
		_Lcd_Write_Char		CODE           	0FD4	0000	22
		_Lcd_Cmd       		CODE           	07DE	0000	26
		_Lcd_Set_Cursor		CODE           	07BE	0000	32
		_Lcd_Port      		CODE           	0F64	0000	6

LCD.c estimated size: 227

